// Jest Snapshot v1, https://goo.gl/fbAQLP

exports[`should match snapshot 1`] = `
Object {
  "haste": Object {
    "defaultPlatform": "ios",
    "foo": "bar",
    "platforms": Array [
      "android",
      "ios",
      "native",
    ],
  },
  "setupFiles": Array [
    "foo",
    "./jest/setup.js",
  ],
  "testEnvironment": "jsdom",
  "transform": Object {
    "/.(eot|ttf|woff|woff2|otf)$": "<PROJECT_ROOT>/lib/transforms/file.js",
    "/.(mp3|flac|wav|aac|ogg|oga|mp4|m4a|webm|ogv)$": "<PROJECT_ROOT>/lib/transforms/file.js",
    "/.(obj|mtl|fnt|glb)$": "<PROJECT_ROOT>/lib/transforms/file.js",
    "/.(png|jpg|jpeg|gif|webp|svg|ico|bmp)$": "<PROJECT_ROOT>/lib/transforms/file.js",
    "foz": "baz",
  },
  "transformIgnorePatterns": Array [
    "node_modules/(?!(jest-)?react-native(-.*)?/|@react-native-community/)",
  ],
}
`;
